Copyright 1986-2020 Xilinx, Inc. All Rights Reserved.
------------------------------------------------------------------------------------------------------------------------------------------------
| Tool Version : Vivado v.2020.2 (lin64) Build 3064766 Wed Nov 18 09:12:47 MST 2020
| Date         : Sat Jun  3 03:01:39 2023
| Host         : r7cad-tsmc40r2 running 64-bit CentOS Linux release 7.6.1810 (Core)
| Command      : report_drc -file ember_fpga_wrapper_drc_routed.rpt -pb ember_fpga_wrapper_drc_routed.pb -rpx ember_fpga_wrapper_drc_routed.rpx
| Design       : ember_fpga_wrapper
| Device       : xc7k325tffg900-2
| Speed File   : -2
| Design State : Fully Routed
------------------------------------------------------------------------------------------------------------------------------------------------

Report DRC

Table of Contents
-----------------
1. REPORT SUMMARY
2. REPORT DETAILS

1. REPORT SUMMARY
-----------------
            Netlist: netlist
          Floorplan: design_1
      Design limits: <entire design considered>
           Ruledeck: default
             Max violations: <unlimited>
             Violations found: 0
+------+----------+-------------+------------+
| Rule | Severity | Description | Violations |
+------+----------+-------------+------------+
+------+----------+-------------+------------+

2. REPORT DETAILS
-----------------

