Copyright 1986-2020 Xilinx, Inc. All Rights Reserved.
-----------------------------------------------------------------------------------------------
| Tool Version : Vivado v.2020.2 (lin64) Build 3064766 Wed Nov 18 09:12:47 MST 2020
| Date         : Fri Oct 13 02:16:14 2023
| Host         : r7cad-tsmc40r2 running 64-bit CentOS Linux release 7.6.1810 (Core)
| Command      : report_control_sets -verbose -file ember_fpga_wrapper_control_sets_placed.rpt
| Design       : ember_fpga_wrapper
| Device       : xc7k325t
-----------------------------------------------------------------------------------------------

Control Set Information

Table of Contents
-----------------
1. Summary
2. Histogram
3. Flip-Flop Distribution
4. Detailed Control Set Information

1. Summary
----------

+----------------------------------------------------------+-------+
|                          Status                          | Count |
+----------------------------------------------------------+-------+
| Total control sets                                       |    44 |
|    Minimum number of control sets                        |    44 |
|    Addition due to synthesis replication                 |     0 |
|    Addition due to physical synthesis replication        |     0 |
| Unused register locations in slices containing registers |    51 |
+----------------------------------------------------------+-------+
* Control sets can be merged at opt_design using control_set_merge or merge_equivalent_drivers
** Run report_qor_suggestions for automated merging and remapping suggestions


2. Histogram
------------

+--------------------+-------+
|       Fanout       | Count |
+--------------------+-------+
| Total control sets |    44 |
| >= 0 to < 4        |     2 |
| >= 4 to < 6        |     0 |
| >= 6 to < 8        |     1 |
| >= 8 to < 10       |     1 |
| >= 10 to < 12      |     0 |
| >= 12 to < 14      |     0 |
| >= 14 to < 16      |     3 |
| >= 16              |    37 |
+--------------------+-------+
* Control sets can be remapped at either synth_design or opt_design


3. Flip-Flop Distribution
-------------------------

+--------------+-----------------------+------------------------+-----------------+--------------+
| Clock Enable | Synchronous Set/Reset | Asynchronous Set/Reset | Total Registers | Total Slices |
+--------------+-----------------------+------------------------+-----------------+--------------+
| No           | No                    | No                     |               0 |            0 |
| No           | No                    | Yes                    |             222 |          122 |
| No           | Yes                   | No                     |               0 |            0 |
| Yes          | No                    | No                     |               0 |            0 |
| Yes          | No                    | Yes                    |            3771 |         1716 |
| Yes          | Yes                   | No                     |             124 |           39 |
+--------------+-----------------------+------------------------+-----------------+--------------+


4. Detailed Control Set Information
-----------------------------------

+-------------------------------------------------------------+---------------------------------------------------------------------------------------------------------------+-----------------------------------------------------------------------------------------------------+------------------+----------------+--------------+
|                         Clock Signal                        |                                                 Enable Signal                                                 |                                           Set/Reset Signal                                          | Slice Load Count | Bel Load Count | Bels / Slice |
+-------------------------------------------------------------+---------------------------------------------------------------------------------------------------------------+-----------------------------------------------------------------------------------------------------+------------------+----------------+--------------+
| ~ember_fpga_i/clkmux_0/inst/clk_out                         |                                                                                                               | PROG_SS_IBUF                                                                                        |                1 |              1 |         1.00 |
|  ember_fpga_i/clkmux_0/inst/clk_out                         |                                                                                                               | ember_fpga_i/rram_top_wrapper_0/inst/inst/u_spi_slave_rram/u_itrx_apbm_spi/u_apb_fsm/preset_n_reg_0 |                1 |              1 |         1.00 |
|  ember_fpga_i/clkmux_0/inst/clk_out                         | ember_fpga_i/rram_top_wrapper_0/inst/inst/u_spi_slave_rram/u_itrx_apbm_spi/u_spi_fsm/paddr_reg[3]_rep__0_0[0] | ember_fpga_i/rram_top_wrapper_0/inst/inst/u_spi_slave_rram/u_itrx_apbm_spi/u_apb_fsm/preset_n_reg_0 |                2 |              7 |         3.50 |
|  ember_fpga_i/clkmux_0/inst/clk_out                         | ember_fpga_i/rram_top_wrapper_0/inst/inst/u_spi_slave_rram/u_itrx_apbm_spi/u_spi_fsm/data_bit_ctr_d           | PROG_SS_IBUF                                                                                        |                3 |              8 |         2.67 |
|  ember_fpga_i/rram_top_wrapper_0/inst/inst/u_clock_gen/mclk | ember_fpga_i/rram_top_wrapper_0/inst/inst/u_fsm/counter[13]_i_1_n_0                                           | ember_fpga_i/rram_top_wrapper_0/inst/inst/u_fsm/rram_addr[15]_i_3_n_0                               |                4 |             14 |         3.50 |
|  ember_fpga_i/rram_top_wrapper_0/inst/inst/u_clock_gen/mclk | ember_fpga_i/rram_top_wrapper_0/inst/inst/u_fsm/attempts_counter[13]_i_1_n_0                                  | ember_fpga_i/rram_top_wrapper_0/inst/inst/u_fsm/rram_addr[15]_i_3_n_0                               |                3 |             14 |         4.67 |
|  ember_fpga_i/clkmux_0/inst/clk_out                         |                                                                                                               | PROG_SS_IBUF                                                                                        |                6 |             14 |         2.33 |
|  ember_fpga_i/rram_top_wrapper_0/inst/inst/u_clock_gen/mclk | ember_fpga_i/rram_top_wrapper_0/inst/inst/u_fsm/next_rram_addr                                                | ember_fpga_i/rram_top_wrapper_0/inst/inst/u_fsm/rram_addr[15]_i_3_n_0                               |               10 |             16 |         1.60 |
|  ember_fpga_i/rram_top_wrapper_0/inst/inst/u_clock_gen/mclk | ember_fpga_i/rram_top_wrapper_0/inst/inst/u_fsm/wl_loop0                                                      | ember_fpga_i/rram_top_wrapper_0/inst/inst/u_fsm/rram_addr[15]_i_3_n_0                               |               18 |             21 |         1.17 |
|  ember_fpga_i/rram_top_wrapper_0/inst/inst/u_clock_gen/mclk | ember_fpga_i/rram_top_wrapper_0/inst/inst/u_fsm/rangei[3]_i_1_n_0                                             | ember_fpga_i/rram_top_wrapper_0/inst/inst/u_fsm/rram_addr[15]_i_3_n_0                               |                9 |             25 |         2.78 |
|  ember_fpga_i/clkmux_0/inst/clk_out                         | ember_fpga_i/rram_top_wrapper_0/inst/inst/u_spi_slave_rram/u_itrx_apbm_spi/u_spi_fsm/paddr_d                  | PROG_SS_IBUF                                                                                        |                5 |             29 |         5.80 |
|  ember_fpga_i/rram_top_wrapper_0/inst/inst/u_clock_gen/mclk | ember_fpga_i/rram_top_wrapper_0/inst/inst/u_fsm/failure_counter[0]_i_1_n_0                                    | ember_fpga_i/rram_top_wrapper_0/inst/inst/u_fsm/rram_addr[15]_i_3_n_0                               |                8 |             32 |         4.00 |
|  ember_fpga_i/rram_top_wrapper_0/inst/inst/u_clock_gen/mclk | ember_fpga_i/rram_top_wrapper_0/inst/inst/u_fsm/success_counter[0]_i_1_n_0                                    | ember_fpga_i/rram_top_wrapper_0/inst/inst/u_fsm/rram_addr[15]_i_3_n_0                               |                8 |             32 |         4.00 |
|  ember_fpga_i/clkmux_0/inst/clk_out                         | ember_fpga_i/rram_top_wrapper_0/inst/inst/u_spi_slave_rram/u_itrx_apbm_spi/u_spi_fsm/paddr_reg[2]_4[0]        | ember_fpga_i/rram_top_wrapper_0/inst/inst/u_spi_slave_rram/u_itrx_apbm_spi/u_apb_fsm/preset_n_reg_0 |               26 |             48 |         1.85 |
|  ember_fpga_i/clkmux_0/inst/clk_out                         | ember_fpga_i/rram_top_wrapper_0/inst/inst/u_spi_slave_rram/u_itrx_apbm_spi/u_spi_fsm/paddr_reg[2]_3[0]        | ember_fpga_i/rram_top_wrapper_0/inst/inst/u_spi_slave_rram/u_itrx_apbm_spi/u_apb_fsm/preset_n_reg_0 |               32 |             48 |         1.50 |
|  ember_fpga_i/clkmux_0/inst/clk_out                         | ember_fpga_i/rram_top_wrapper_0/inst/inst/u_spi_slave_rram/u_itrx_apbm_spi/u_spi_fsm/paddr_reg[2]_1[0]        | ember_fpga_i/rram_top_wrapper_0/inst/inst/u_spi_slave_rram/u_itrx_apbm_spi/u_apb_fsm/preset_n_reg_0 |               25 |             48 |         1.92 |
|  ember_fpga_i/clkmux_0/inst/clk_out                         | ember_fpga_i/rram_top_wrapper_0/inst/inst/u_spi_slave_rram/u_itrx_apbm_spi/u_spi_fsm/paddr_reg[0]_1[0]        | ember_fpga_i/rram_top_wrapper_0/inst/inst/u_spi_slave_rram/u_itrx_apbm_spi/u_apb_fsm/preset_n_reg_0 |               21 |             48 |         2.29 |
|  ember_fpga_i/rram_top_wrapper_0/inst/inst/u_clock_gen/mclk | ember_fpga_i/rram_top_wrapper_0/inst/inst/u_fsm/mask[47]_i_1_n_0                                              | ember_fpga_i/rram_top_wrapper_0/inst/inst/u_fsm/rram_addr[15]_i_3_n_0                               |               47 |             48 |         1.02 |
|  ember_fpga_i/clkmux_0/inst/clk_out                         | ember_fpga_i/rram_top_wrapper_0/inst/inst/u_spi_slave_rram/u_itrx_apbm_spi/u_apb_fsm/penable_reg_0[0]         | ember_fpga_i/rram_top_wrapper_0/inst/inst/u_spi_slave_rram/u_itrx_apbm_spi/u_apb_fsm/preset_n_reg_0 |               25 |             48 |         1.92 |
|  ember_fpga_i/rram_top_wrapper_0/inst/inst/u_clock_gen/mclk | ember_fpga_i/rram_top_wrapper_0/inst/inst/u_fsm/next_reset_bits_counter                                       | ember_fpga_i/rram_top_wrapper_0/inst/inst/u_fsm/rram_addr[15]_i_3_n_0                               |               16 |             64 |         4.00 |
|  ember_fpga_i/rram_top_wrapper_0/inst/inst/u_clock_gen/mclk | ember_fpga_i/rram_top_wrapper_0/inst/inst/u_fsm/next_set_bits_counter                                         | ember_fpga_i/rram_top_wrapper_0/inst/inst/u_fsm/rram_addr[15]_i_3_n_0                               |               16 |             64 |         4.00 |
|  ember_fpga_i/rram_top_wrapper_0/inst/inst/u_clock_gen/mclk | ember_fpga_i/rram_top_wrapper_0/inst/inst/u_fsm/next_read_bits_counter                                        | ember_fpga_i/rram_top_wrapper_0/inst/inst/u_fsm/rram_addr[15]_i_3_n_0                               |               16 |             64 |         4.00 |
|  ember_fpga_i/rram_top_wrapper_0/inst/inst/u_clock_gen/mclk | ember_fpga_i/rram_top_wrapper_0/inst/inst/u_fsm/state_reg[3]_0                                                | ember_fpga_i/rram_top_wrapper_0/inst/inst/u_fsm/rram_addr[15]_i_3_n_0                               |               16 |             64 |         4.00 |
|  ember_fpga_i/rram_top_wrapper_0/inst/inst/u_clock_gen/mclk | ember_fpga_i/rram_top_wrapper_0/inst/inst/u_fsm/lfsr_gen[3].lfsr_prbs_gen/E[0]                                | ember_fpga_i/rram_top_wrapper_0/inst/inst/u_fsm/lfsr_gen[3].lfsr_prbs_gen/SR[0]                     |               39 |            124 |         3.18 |
|  ember_fpga_i/clkmux_0/inst/clk_out                         | ember_fpga_i/rram_top_wrapper_0/inst/inst/u_spi_slave_rram/u_itrx_apbm_spi/u_apb_fsm/penable_reg_1[0]         | ember_fpga_i/rram_top_wrapper_0/inst/inst/u_spi_slave_rram/u_itrx_apbm_spi/u_apb_fsm/preset_n_reg_0 |               72 |            148 |         2.06 |
|  ember_fpga_i/clkmux_0/inst/clk_out                         | ember_fpga_i/rram_top_wrapper_0/inst/inst/u_spi_slave_rram/u_itrx_apbm_spi/u_spi_fsm/paddr_reg[1]_1[0]        | ember_fpga_i/rram_top_wrapper_0/inst/inst/u_spi_slave_rram/u_itrx_apbm_spi/u_apb_fsm/preset_n_reg_0 |               68 |            160 |         2.35 |
|  ember_fpga_i/clkmux_0/inst/clk_out                         | ember_fpga_i/rram_top_wrapper_0/inst/inst/u_spi_slave_rram/u_itrx_apbm_spi/u_spi_fsm/paddr_reg[4]_rep_3[0]    | ember_fpga_i/rram_top_wrapper_0/inst/inst/u_spi_slave_rram/u_itrx_apbm_spi/u_apb_fsm/preset_n_reg_0 |               74 |            160 |         2.16 |
|  ember_fpga_i/clkmux_0/inst/clk_out                         | ember_fpga_i/rram_top_wrapper_0/inst/inst/u_spi_slave_rram/u_itrx_apbm_spi/u_spi_fsm/E[0]                     | ember_fpga_i/rram_top_wrapper_0/inst/inst/u_spi_slave_rram/u_itrx_apbm_spi/u_apb_fsm/preset_n_reg_0 |               83 |            160 |         1.93 |
|  ember_fpga_i/clkmux_0/inst/clk_out                         | ember_fpga_i/rram_top_wrapper_0/inst/inst/u_spi_slave_rram/u_itrx_apbm_spi/u_spi_fsm/paddr_reg[4]_rep_2[0]    | ember_fpga_i/rram_top_wrapper_0/inst/inst/u_spi_slave_rram/u_itrx_apbm_spi/u_apb_fsm/preset_n_reg_0 |               86 |            160 |         1.86 |
|  ember_fpga_i/clkmux_0/inst/clk_out                         | ember_fpga_i/rram_top_wrapper_0/inst/inst/u_spi_slave_rram/u_itrx_apbm_spi/u_spi_fsm/paddr_reg[4]_rep_1[0]    | ember_fpga_i/rram_top_wrapper_0/inst/inst/u_spi_slave_rram/u_itrx_apbm_spi/u_apb_fsm/preset_n_reg_0 |               84 |            160 |         1.90 |
|  ember_fpga_i/clkmux_0/inst/clk_out                         | ember_fpga_i/rram_top_wrapper_0/inst/inst/u_spi_slave_rram/u_itrx_apbm_spi/u_spi_fsm/paddr_reg[4]_rep_0[0]    | ember_fpga_i/rram_top_wrapper_0/inst/inst/u_spi_slave_rram/u_itrx_apbm_spi/u_apb_fsm/preset_n_reg_0 |               72 |            160 |         2.22 |
|  ember_fpga_i/clkmux_0/inst/clk_out                         | ember_fpga_i/rram_top_wrapper_0/inst/inst/u_spi_slave_rram/u_itrx_apbm_spi/u_spi_fsm/paddr_reg[2]_6[0]        | ember_fpga_i/rram_top_wrapper_0/inst/inst/u_spi_slave_rram/u_itrx_apbm_spi/u_apb_fsm/preset_n_reg_0 |               91 |            160 |         1.76 |
|  ember_fpga_i/clkmux_0/inst/clk_out                         | ember_fpga_i/rram_top_wrapper_0/inst/inst/u_spi_slave_rram/u_itrx_apbm_spi/u_spi_fsm/paddr_reg[2]_5[0]        | ember_fpga_i/rram_top_wrapper_0/inst/inst/u_spi_slave_rram/u_itrx_apbm_spi/u_apb_fsm/preset_n_reg_0 |               61 |            160 |         2.62 |
|  ember_fpga_i/clkmux_0/inst/clk_out                         | ember_fpga_i/rram_top_wrapper_0/inst/inst/u_spi_slave_rram/u_itrx_apbm_spi/u_spi_fsm/pwdata_d                 | PROG_SS_IBUF                                                                                        |               49 |            160 |         3.27 |
|  ember_fpga_i/clkmux_0/inst/clk_out                         | ember_fpga_i/rram_top_wrapper_0/inst/inst/u_spi_slave_rram/u_itrx_apbm_spi/u_spi_fsm/paddr_reg[0]_0[0]        | ember_fpga_i/rram_top_wrapper_0/inst/inst/u_spi_slave_rram/u_itrx_apbm_spi/u_apb_fsm/preset_n_reg_0 |               75 |            160 |         2.13 |
|  ember_fpga_i/clkmux_0/inst/clk_out                         | ember_fpga_i/rram_top_wrapper_0/inst/inst/u_spi_slave_rram/u_itrx_apbm_spi/u_spi_fsm/paddr_reg[2]_2[0]        | ember_fpga_i/rram_top_wrapper_0/inst/inst/u_spi_slave_rram/u_itrx_apbm_spi/u_apb_fsm/preset_n_reg_0 |               68 |            160 |         2.35 |
|  ember_fpga_i/clkmux_0/inst/clk_out                         | ember_fpga_i/rram_top_wrapper_0/inst/inst/u_spi_slave_rram/u_itrx_apbm_spi/u_spi_fsm/paddr_reg[0]_2[0]        | ember_fpga_i/rram_top_wrapper_0/inst/inst/u_spi_slave_rram/u_itrx_apbm_spi/u_apb_fsm/preset_n_reg_0 |              101 |            160 |         1.58 |
|  ember_fpga_i/clkmux_0/inst/clk_out                         | ember_fpga_i/rram_top_wrapper_0/inst/inst/u_spi_slave_rram/u_itrx_apbm_spi/u_spi_fsm/paddr_reg[2]_0[0]        | ember_fpga_i/rram_top_wrapper_0/inst/inst/u_spi_slave_rram/u_itrx_apbm_spi/u_apb_fsm/preset_n_reg_0 |               64 |            160 |         2.50 |
|  ember_fpga_i/clkmux_0/inst/clk_out                         | ember_fpga_i/rram_top_wrapper_0/inst/inst/u_spi_slave_rram/u_itrx_apbm_spi/u_spi_fsm/paddr_reg[1]_4[0]        | ember_fpga_i/rram_top_wrapper_0/inst/inst/u_spi_slave_rram/u_itrx_apbm_spi/u_apb_fsm/preset_n_reg_0 |               81 |            160 |         1.98 |
|  ember_fpga_i/clkmux_0/inst/clk_out                         | ember_fpga_i/rram_top_wrapper_0/inst/inst/u_spi_slave_rram/u_itrx_apbm_spi/u_spi_fsm/paddr_reg[1]_3[0]        | ember_fpga_i/rram_top_wrapper_0/inst/inst/u_spi_slave_rram/u_itrx_apbm_spi/u_apb_fsm/preset_n_reg_0 |               71 |            160 |         2.25 |
|  ember_fpga_i/clkmux_0/inst/clk_out                         | ember_fpga_i/rram_top_wrapper_0/inst/inst/u_spi_slave_rram/u_itrx_apbm_spi/u_spi_fsm/paddr_reg[1]_2[0]        | ember_fpga_i/rram_top_wrapper_0/inst/inst/u_spi_slave_rram/u_itrx_apbm_spi/u_apb_fsm/preset_n_reg_0 |               67 |            160 |         2.39 |
|  ember_fpga_i/clkmux_0/inst/clk_out                         | ember_fpga_i/rram_top_wrapper_0/inst/inst/u_spi_slave_rram/u_itrx_apbm_spi/u_spi_fsm/paddr_reg[0]_3[0]        | ember_fpga_i/rram_top_wrapper_0/inst/inst/u_spi_slave_rram/u_itrx_apbm_spi/u_apb_fsm/preset_n_reg_0 |               75 |            160 |         2.13 |
|  ember_fpga_i/clkmux_0/inst/clk_out                         | ember_fpga_i/rram_top_wrapper_0/inst/inst/u_spi_slave_rram/u_itrx_apbm_spi/u_spi_fsm/prdata_sr_d_0            | PROG_SS_IBUF                                                                                        |               64 |            161 |         2.52 |
|  ember_fpga_i/rram_top_wrapper_0/inst/inst/u_clock_gen/mclk |                                                                                                               | ember_fpga_i/rram_top_wrapper_0/inst/inst/u_fsm/rram_addr[15]_i_3_n_0                               |              114 |            206 |         1.81 |
+-------------------------------------------------------------+---------------------------------------------------------------------------------------------------------------+-----------------------------------------------------------------------------------------------------+------------------+----------------+--------------+


